******************************************************************************
             TMS320C2000 Linker PC v22.6.1                     
******************************************************************************
>> Linked Sun Jun 22 11:22:12 2025

OUTPUT FILE NAME:   <OLED_SPI.out>
ENTRY POINT SYMBOL: "code_start"  address: 00000000


MEMORY CONFIGURATION

         name            origin    length      used     unused   attr    fill
----------------------  --------  ---------  --------  --------  ----  --------
  BEGIN                 00000000   00000002  00000002  00000000  RWIX
  BOOT_RSVD             00000002   00000126  00000100  00000026  RWIX
  RAMM0                 00000128   000002d8  00000038  000002a0  RWIX
  RAMM1                 00000400   000003f8  00000200  000001f8  RWIX
  RAMLS0                00008000   00000800  00000800  00000000  RWIX
  RAMLS1                00008800   00000800  00000800  00000000  RWIX
  RAMLS2                00009000   00000800  00000800  00000000  RWIX
  RAMLS3                00009800   00000800  00000800  00000000  RWIX
  RAMLS4                0000a000   00000800  00000444  000003bc  RWIX
  RAMLS5                0000a800   00000800  000002b0  00000550  RWIX
  RAMLS6_7              0000b000   00001000  00000cb7  00000349  RWIX
  RAMGS0                0000c000   00001000  00000800  00000800  RWIX
  RAMGS1                0000d000   00001000  00000000  00001000  RWIX
  RAMGS2                0000e000   00001000  00000000  00001000  RWIX
  RAMGS3                0000f000   00000ff8  00000000  00000ff8  RWIX
  FLASH_BANK0_SEC0      00080002   00000ffe  00000000  00000ffe  RWIX
  FLASH_BANK0_SEC1      00081000   00001000  00000000  00001000  RWIX
  FLASH_BANK0_SEC2      00082000   00001000  00000000  00001000  RWIX
  FLASH_BANK0_SEC3      00083000   00001000  00000000  00001000  RWIX
  FLASH_BANK0_SEC4      00084000   00001000  00000000  00001000  RWIX
  FLASH_BANK0_SEC5      00085000   00001000  00000000  00001000  RWIX
  FLASH_BANK0_SEC6      00086000   00001000  00000000  00001000  RWIX
  FLASH_BANK0_SEC7      00087000   00001000  00000000  00001000  RWIX
  FLASH_BANK0_SEC8      00088000   00001000  00000000  00001000  RWIX
  FLASH_BANK0_SEC9      00089000   00001000  00000000  00001000  RWIX
  FLASH_BANK0_SEC10     0008a000   00001000  00000000  00001000  RWIX
  FLASH_BANK0_SEC11     0008b000   00001000  00000000  00001000  RWIX
  FLASH_BANK0_SEC12     0008c000   00001000  00000000  00001000  RWIX
  FLASH_BANK0_SEC13     0008d000   00001000  00000000  00001000  RWIX
  FLASH_BANK0_SEC14     0008e000   00001000  00000000  00001000  RWIX
  FLASH_BANK0_SEC15     0008f000   00001000  00000000  00001000  RWIX
  FLASH_BANK1_SEC0      00090000   00001000  00000000  00001000  RWIX
  FLASH_BANK1_SEC1      00091000   00001000  00000000  00001000  RWIX
  FLASH_BANK1_SEC2      00092000   00001000  00000000  00001000  RWIX
  FLASH_BANK1_SEC3      00093000   00001000  00000000  00001000  RWIX
  FLASH_BANK1_SEC4      00094000   00001000  00000000  00001000  RWIX
  FLASH_BANK1_SEC5      00095000   00001000  00000000  00001000  RWIX
  FLASH_BANK1_SEC6      00096000   00001000  00000000  00001000  RWIX
  FLASH_BANK1_SEC7      00097000   00001000  00000000  00001000  RWIX
  FLASH_BANK1_SEC8      00098000   00001000  00000000  00001000  RWIX
  FLASH_BANK1_SEC9      00099000   00001000  00000000  00001000  RWIX
  FLASH_BANK1_SEC10     0009a000   00001000  00000000  00001000  RWIX
  FLASH_BANK1_SEC11     0009b000   00001000  00000000  00001000  RWIX
  FLASH_BANK1_SEC12     0009c000   00001000  00000000  00001000  RWIX
  FLASH_BANK1_SEC13     0009d000   00001000  00000000  00001000  RWIX
  FLASH_BANK1_SEC14     0009e000   00001000  00000000  00001000  RWIX
  FLASH_BANK1_SEC15     0009f000   00001000  00000000  00001000  RWIX
  FLASH_BANK2_SEC0      000a0000   00001000  00000000  00001000  RWIX
  FLASH_BANK2_SEC1      000a1000   00001000  00000000  00001000  RWIX
  FLASH_BANK2_SEC2      000a2000   00001000  00000000  00001000  RWIX
  FLASH_BANK2_SEC3      000a3000   00001000  00000000  00001000  RWIX
  FLASH_BANK2_SEC4      000a4000   00001000  00000000  00001000  RWIX
  FLASH_BANK2_SEC5      000a5000   00001000  00000000  00001000  RWIX
  FLASH_BANK2_SEC6      000a6000   00001000  00000000  00001000  RWIX
  FLASH_BANK2_SEC7      000a7000   00001000  00000000  00001000  RWIX
  FLASH_BANK2_SEC8      000a8000   00001000  00000000  00001000  RWIX
  FLASH_BANK2_SEC9      000a9000   00001000  00000000  00001000  RWIX
  FLASH_BANK2_SEC10     000aa000   00001000  00000000  00001000  RWIX
  FLASH_BANK2_SEC11     000ab000   00001000  00000000  00001000  RWIX
  FLASH_BANK2_SEC12     000ac000   00001000  00000000  00001000  RWIX
  FLASH_BANK2_SEC13     000ad000   00001000  00000000  00001000  RWIX
  FLASH_BANK2_SEC14     000ae000   00001000  00000000  00001000  RWIX
  FLASH_BANK2_SEC15     000af000   00000ff0  00000000  00000ff0  RWIX
  SECURE_ROM            003f2000   00006000  00000000  00006000  RWIX
  BOOTROM               003f8000   00007fc0  00000000  00007fc0  RWIX
  RESET                 003fffc0   00000002  00000000  00000002  RWIX


SECTION ALLOCATION MAP

 output                                  attributes/
section   page    origin      length       input sections
--------  ----  ----------  ----------   ----------------
codestart 
*          0    00000000    00000002     
                  00000000    00000002     f28003x_codestartbranch.obj (codestart)

.TI.ramfunc 
*          0    00000128    00000004     
                  00000128    00000004     driverlib.lib : sysctl.obj (.TI.ramfunc)

.cinit     0    0000012c    00000034     
                  0000012c    00000012     (.cinit..data.load) [load image, compression = lzss]
                  0000013e    00000006     (__TI_handler_table)
                  00000144    00000004     (.cinit..bss.load) [load image, compression = zero_init]
                  00000148    00000004     (.cinit..freertosHeap.load) [load image, compression = zero_init]
                  0000014c    00000004     (.cinit..freertosStaticStack.load) [load image, compression = zero_init]
                  00000150    00000010     (__TI_cinit_table)

.reset     0    003fffc0    00000000     DSECT

.stack     0    00000400    00000200     UNINITIALIZED
                  00000400    00000200     --HOLE--

.bss       0    0000a800    00000176     UNINITIALIZED
                  0000a800    000000a0     tasks.obj (.bss:pxReadyTasksLists)
                  0000a8a0    0000000a     encoder_Elon.obj (.bss:RENCQueueStorageBuffer)
                  0000a8aa    00000004     heap_4.obj (.bss)
                  0000a8ae    00000004     queuetest.obj (.bss)
                  0000a8b2    00000002     tasks.obj (.bss:xIdleTaskHandles)
                  0000a8b4    0000000c     --HOLE--
                  0000a8c0    00000040     encoder_Elon.obj (.bss)
                  0000a900    00000038     c2000_freertos.obj (.bss)
                  0000a938    00000008     --HOLE--
                  0000a940    00000036     tasks.obj (.bss)

.init_array 
*          0    00000128    00000000     UNINITIALIZED

.sysmem    0    0000a976    00000100     UNINITIALIZED
                  0000a976    00000004     rts2800_fpu32_eabi.lib : memory.c.obj (.sysmem)
                  0000a97a    000000fc     --HOLE--

.data      0    0000aa76    0000003a     UNINITIALIZED
                  0000aa76    0000000a     heap_4.obj (.data)
                  0000aa80    00000010     tasks.obj (.data)
                  0000aa90    00000008     encoder_Elon.obj (.data)
                  0000aa98    00000008     queuetest.obj (.data)
                  0000aaa0    00000006     rts2800_fpu32_eabi.lib : exit.c.obj (.data)
                  0000aaa6    00000004     port.obj (.data)
                  0000aaaa    00000002     rts2800_fpu32_eabi.lib : _lock.c.obj (.data:_lock)
                  0000aaac    00000002                            : _lock.c.obj (.data:_unlock)
                  0000aaae    00000001     oledDriver.obj (.data)
                  0000aaaf    00000001     tasks.obj (.data:xYieldPendings)

.const     0    0000b000    00000cb7     
                  0000b000    00000800     ascii_font.obj (.const:ascii_font)
                  0000b800    000000cb     board.obj (.const:.string)
                  0000b8cb    00000001     tasks.obj (.const)
                  0000b8cc    0000009a     driverlib.lib : sysctl.obj (.const:.string)
                  0000b966    00000098                   : gpio.obj (.const:.string)
                  0000b9fe    00000097                   : spi.obj (.const:.string)
                  0000ba95    00000001     --HOLE-- [fill = 0]
                  0000ba96    00000059     device.obj (.const:.string)
                  0000baef    00000001     --HOLE-- [fill = 0]
                  0000baf0    00000057     oledDriver.obj (.const:.string)
                  0000bb47    00000001     --HOLE-- [fill = 0]
                  0000bb48    00000051     driverlib.lib : interrupt.obj (.const:.string)
                  0000bb99    00000001     --HOLE-- [fill = 0]
                  0000bb9a    00000050                   : cputimer.obj (.const:.string)
                  0000bbea    00000048     port.obj (.const:.string)
                  0000bc32    00000044     encoder_Elon.obj (.const:.string)
                  0000bc76    00000028     queuetest.obj (.const:.string)
                  0000bc9e    00000014     tasks.obj (.const:ucExpectedStackBytes$1)
                  0000bcb2    00000005     tasks.obj (.const:.string)

.freertosStaticStack 
*          0    00000002    00000100     UNINITIALIZED
                  00000002    00000100     c2000_freertos.obj (.freertosStaticStack)

.text.1    0    00008000    00000800     
                  00008000    00000123     driverlib.lib : sysctl.obj (.text:SysCtl_setClock)
                  00008123    00000101     tasks.obj (.text:xTaskIncrementTick)
                  00008224    000000fe     driverlib.lib : sysctl.obj (.text:SysCtl_isPLLValid)
                  00008322    000000ef     tasks.obj (.text:xTaskResumeAll)
                  00008411    000000de     tasks.obj (.text:xTaskGenericNotify)
                  000084ef    000000d0     tasks.obj (.text:xTaskRemoveFromEventList)
                  000085bf    000000ce     device.obj (.text:Device_enableAllPeripherals)
                  0000868d    000000b4     port.obj (.text:pxPortInitialiseStack)
                  00008741    0000009e     queue.obj (.text:xQueueGenericSend)
                  000087df    00000021     queue.obj (.text:prvCopyDataFromQueue)

.text.2    0    00008800    00000800     
                  00008800    00000097     queue.obj (.text:xQueueReceive)
                  00008897    00000093     heap_4.obj (.text:pvPortMalloc)
                  0000892a    0000008b     encoder_Elon.obj (.text:INT_R_ENC1_XINT_ISR)
                  000089b5    00000088     rts2800_fpu32_eabi.lib : fs_div28.asm.obj (.text)
                  00008a3d    00000083     portasm.obj (.text)
                  00008ac0    00000080     tasks.obj (.text:prvAddNewTaskToReadyList)
                  00008b40    0000007f     driverlib.lib : interrupt.obj (.text:Interrupt_clearIFR)
                  00008bbf    0000007f     tasks.obj (.text:xTaskPriorityDisinherit)
                  00008c3e    0000007c     queue.obj (.text:xQueueGenericReset)
                  00008cba    00000077     tasks.obj (.text:prvInitialiseNewTask)
                  00008d31    00000073     driverlib.lib : sysctl.obj (.text:DCC_setCounterSeeds)
                  00008da4    00000072     oledDriver.obj (.text:OLED_PrintSignedVal)
                  00008e16    0000006a     driverlib.lib : gpio.obj (.text:GPIO_setAnalogMode)
                  00008e80    0000006a     tasks.obj (.text:ulTaskGenericNotifyTake)
                  00008eea    00000068     tasks.obj (.text:prvCreateIdleTasks)
                  00008f52    00000065     driverlib.lib : sysctl.obj (.text:SysCtl_getClock)
                  00008fb7    00000046                   : sysctl.obj (.text:SysCtl_selectXTAL)
                  00008ffd    00000003     board.obj (.text:SPI_init)

.text.3    0    00009000    00000800     
                  00009000    00000060     tasks.obj (.text:vTaskSwitchContext)
                  00009060    0000005e     queue.obj (.text:prvCopyDataToQueue)
                  000090be    0000005c     driverlib.lib : spi.obj (.text:SPI_setConfig)
                  0000911a    0000005b     queuetest.obj (.text:encoderTask1)
                  00009175    0000005a     tasks.obj (.text:prvAddCurrentTaskToDelayedList)
                  000091cf    00000052     driverlib.lib : gpio.obj (.text:GPIO_setPadConfig)
                  00009221    00000052     board.obj (.text:PinMux_init)
                  00009273    00000050     queuetest.obj (.text:counterUpdate)
                  000092c3    00000050     queue.obj (.text:prvUnlockQueue)
                  00009313    0000004f     encoder_Elon.obj (.text:encoder_Init)
                  00009362    0000004e     driverlib.lib : interrupt.obj (.text:Interrupt_disable)
                  000093b0    0000004e     queue.obj (.text:xQueueGenericSendFromISR)
                  000093fe    0000004d     driverlib.lib : sysctl.obj (.text:SysCtl_selectOscSource)
                  0000944b    00000045                   : sysctl.obj (.text:SysCtl_pollX1Counter)
                  00009490    0000003e     device.obj (.text:Device_init)
                  000094ce    0000003e     heap_4.obj (.text:prvInsertBlockIntoFreeList)
                  0000950c    0000003e     queuetest.obj (.text:rotaryTest)
                  0000954a    0000003d     driverlib.lib : interrupt.obj (.text:Interrupt_initModule)
                  00009587    0000003a     heap_4.obj (.text:prvHeapInit)
                  000095c1    00000037     driverlib.lib : gpio.obj (.text:GPIO_setControllerCore)
                  000095f8    00000037                   : gpio.obj (.text:GPIO_setInterruptPin)
                  0000962f    00000037                   : gpio.obj (.text:GPIO_setPinConfig)
                  00009666    00000037                   : gpio.obj (.text:GPIO_setQualificationMode)
                  0000969d    00000037                   : interrupt.obj (.text:Interrupt_enable)
                  000096d4    00000036     queue.obj (.text:xQueueGenericCreate)
                  0000970a    00000035     tasks.obj (.text:prvCreateTask)
                  0000973f    00000035     tasks.obj (.text:xTaskCheckForTimeOut)
                  00009774    00000034     list.obj (.text:vListInsert)
                  000097a8    00000033     queuetest.obj (.text:encoderTask2)
                  000097db    00000025     board.obj (.text:INTERRUPT_init)

.text.4    0    00009800    00000800     
                  00009800    00000031     driverlib.lib : gpio.obj (.text:GPIO_setDirectionMode)
                  00009831    00000031                   : spi.obj (.text:SPI_pollingNonFIFOTransaction)
                  00009862    00000030     rts2800_fpu32_eabi.lib : copy_decompress_lzss.c.obj (.text:decompress:lzss)
                  00009892    00000030     tasks.obj (.text:prvInitialiseTaskLists)
                  000098c2    00000030     port.obj (.text:vPortSetupTimerInterrupt)
                  000098f2    0000002f     oledDriver.obj (.text:OLED_PutChar)
                  00009921    0000002e     oledDriver.obj (.text:OLED_Init)
                  0000994f    0000002d     board.obj (.text:OLED_init)
                  0000997c    0000002c     tasks.obj (.text:prvCreateStaticTask)
                  000099a8    0000002b     rts2800_fpu32_eabi.lib : autoinit.c.obj (.text:__TI_auto_init_nobinit_nopinit)
                  000099d3    0000002a     board.obj (.text:XBAR_setInputPin)
                  000099fd    0000002a     driverlib.lib : gpio.obj (.text:XBAR_setInputPin)
                  00009a27    0000002a     rts2800_fpu32_eabi.lib : l_div28.asm.obj (.text)
                  00009a51    0000002a     heap_4.obj (.text:vPortFree)
                  00009a7b    00000029     rts2800_fpu32_eabi.lib : exit.c.obj (.text)
                  00009aa4    00000029     encoder_Elon.obj (.text:setEncoder)
                  00009acd    00000027     board.obj (.text:GPIO_writePin)
                  00009af4    00000027     oledDriver.obj (.text:GPIO_writePin)
                  00009b1b    00000026     list.obj (.text:uxListRemove)
                  00009b41    00000025     driverlib.lib : sysctl.obj (.text:SysCtl_selectXTALSingleEnded)
                  00009b66    00000025     queue.obj (.text:xQueueGenericCreateStatic)
                  00009b8b    00000024     driverlib.lib : sysctl.obj (.text:DCC_enableSingleShotMode)
                  00009baf    00000023     encoder_Elon.obj (.text:GPIO_readPin)
                  00009bd2    00000023     oledDriver.obj (.text:GPIO_readPin)
                  00009bf5    00000023     oledDriver.obj (.text:OLED_Clear)
                  00009c18    00000020     oledDriver.obj (.text:OLED_WriteNBytes)
                  00009c38    00000020     tasks.obj (.text:prvCheckTasksWaitingTermination)
                  00009c58    0000001f     oledDriver.obj (.text:OLED_PrintString)
                  00009c77    0000001f     tasks.obj (.text:xTaskCreateStatic)
                  00009c96    0000001e     driverlib.lib : sysctl.obj (.text:DCC_setCounter0ClkSource)
                  00009cb4    0000001e                   : sysctl.obj (.text:DCC_setCounter1ClkSource)
                  00009cd2    0000001e                   : interrupt.obj (.text:Interrupt_initVectorTable)
                  00009cf0    0000001e     queue.obj (.text:prvInitialiseNewQueue)
                  00009d0e    0000001d     tasks.obj (.text:prvDeleteTCB)
                  00009d2b    0000001d     rts2800_fpu32_eabi.lib : memcpy.c.obj (.text)
                  00009d48    0000001c     tasks.obj (.text:xTaskCreate)
                  00009d64    0000001b     board.obj (.text:XBAR_isBaseValid)
                  00009d7f    0000001b     driverlib.lib : gpio.obj (.text:XBAR_isBaseValid)
                  00009d9a    0000001a     port.obj (.text:CPUTimer_startTimer)
                  00009db4    0000001a     board.obj (.text:SPI_setEmulationMode)
                  00009dce    0000001a     board.obj (.text:SPI_setPTESignalPolarity)
                  00009de8    0000001a     driverlib.lib : sysctl.obj (.text:SysCtl_getLowSpeedClock)
                  00009e02    00000019     board.obj (.text:DC_control_init)
                  00009e1b    00000019     oledDriver.obj (.text:OLED_SetComConfig)
                  00009e34    00000019     board.obj (.text:Reset_control_init)
                  00009e4d    00000019     driverlib.lib : sysctl.obj (.text:SysCtl_setPLLSysClk)
                  00009e66    00000018     board.obj (.text:SPI_disableFIFO)
                  00009e7e    00000018     OLED_SPI.obj (.text:main)
                  00009e96    00000018     queue.obj (.text:prvIsQueueFull)
                  00009eae    00000018     list.obj (.text:vListInitialise)
                  00009ec6    00000018     tasks.obj (.text:vTaskStartScheduler)
                  00009ede    00000017     driverlib.lib : cputimer.obj (.text:CPUTimer_isBaseValid)
                  00009ef5    00000017     port.obj (.text:CPUTimer_isBaseValid)
                  00009f0c    00000017     port.obj (.text:CPUTimer_setPreScaler)
                  00009f23    00000017     driverlib.lib : spi.obj (.text:SPI_writeDataBlockingNonFIFO)
                  00009f3a    00000017     device.obj (.text:SysCtl_enablePeripheral)
                  00009f51    00000017     driverlib.lib : sysctl.obj (.text:SysCtl_enablePeripheral)
                  00009f68    00000017     tasks.obj (.text:prvResetNextTaskUnblockTime)
                  00009f7f    00000017     rts2800_fpu32_eabi.lib : boot28.asm.obj (.text)
                  00009f96    00000016     driverlib.lib : sysctl.obj (.text:DCC_disableDoneSignal)
                  00009fac    00000016                   : interrupt.obj (.text:Interrupt_defaultHandler)
                  00009fc2    00000015     port.obj (.text:CPUTimer_enableInterrupt)
                  00009fd7    00000015     driverlib.lib : sysctl.obj (.text:DCC_clearDoneFlag)
                  00009fec    00000014     port.obj (.text:CPUTimer_reloadTimerCounter)

.text.5    0    0000a000    00000444     
                  0000a000    00000015     driverlib.lib : sysctl.obj (.text:DCC_clearErrorFlag)
                  0000a015    00000015                   : sysctl.obj (.text:DCC_disableErrorSignal)
                  0000a02a    00000015                   : sysctl.obj (.text:DCC_isBaseValid)
                  0000a03f    00000015     device.obj (.text:GPIO_unlockPortConfig)
                  0000a054    00000015     oledDriver.obj (.text:OLED_SetColAddr_PAGE)
                  0000a069    00000015     oledDriver.obj (.text:OLED_WriteCmd)
                  0000a07e    00000015     tasks.obj (.text:uxTaskGetStackHighWaterMark)
                  0000a093    00000014     port.obj (.text:CPUTimer_stopTimer)
                  0000a0a7    00000014     driverlib.lib : sysctl.obj (.text:DCC_disableModule)
                  0000a0bb    00000014                   : sysctl.obj (.text:DCC_enableModule)
                  0000a0cf    00000014     board.obj (.text:GPIO_isPinValid)
                  0000a0e3    00000014     driverlib.lib : gpio.obj (.text:GPIO_isPinValid)
                  0000a0f7    00000014     encoder_Elon.obj (.text:GPIO_isPinValid)
                  0000a10b    00000014     oledDriver.obj (.text:GPIO_isPinValid)
                  0000a11f    00000014     oledDriver.obj (.text:OLED_SetMemAddrMode)
                  0000a133    00000014     board.obj (.text:R_ENC1_init)
                  0000a147    00000014     board.obj (.text:R_ENC2_init)
                  0000a15b    00000013     driverlib.lib : cputimer.obj (.text:CPUTimer_setEmulationMode)
                  0000a16e    00000013     oledDriver.obj (.text:OLED_SetDCLK_Freq)
                  0000a181    00000013     board.obj (.text:SPI_isBaseValid)
                  0000a194    00000013     driverlib.lib : spi.obj (.text:SPI_isBaseValid)
                  0000a1a7    00000013     rts2800_fpu32_eabi.lib : memcmp.c.obj (.text)
                  0000a1ba    00000012     driverlib.lib : spi.obj (.text:SPI_readDataBlockingNonFIFO)
                  0000a1cc    00000012     queue.obj (.text:prvIsQueueEmpty)
                  0000a1de    00000011     board.obj (.text:Board_init)
                  0000a1ef    00000011     port.obj (.text:CPUTimer_setPeriod)
                  0000a200    00000011     board.obj (.text:SPI_disableLoopback)
                  0000a211    00000011     board.obj (.text:SPI_disableModule)
                  0000a222    00000011     board.obj (.text:SPI_enableModule)
                  0000a233    00000011     tasks.obj (.text:prvTaskCheckFreeStackSpace)
                  0000a244    00000010     device.obj (.text:Device_initGPIO)
                  0000a254    00000010     board.obj (.text:GPIO_setInterruptType)
                  0000a264    00000010     oledDriver.obj (.text:OLED_SetChargePump)
                  0000a274    00000010     oledDriver.obj (.text:OLED_SetPageAddr_PAGE)
                  0000a284    00000010     tasks.obj (.text:prvIdleTask)
                  0000a294    00000010     c2000_freertos.obj (.text:vApplicationGetIdleTaskMemory)
                  0000a2a4    00000010     tasks.obj (.text:vTaskPlaceOnEventList)
                  0000a2b4    0000000f     board.obj (.text:Interrupt_register)
                  0000a2c3    0000000f     port.obj (.text:Interrupt_register)
                  0000a2d2    0000000f     oledDriver.obj (.text:OLED_SetMuxRatio)
                  0000a2e1    0000000e     port.obj (.text:xPortStartScheduler)
                  0000a2ef    0000000d     driverlib.lib : interrupt.obj (.text:Interrupt_disableGlobal)
                  0000a2fc    0000000d                   : interrupt.obj (.text:Interrupt_enableGlobal)
                  0000a309    0000000d     device.obj (.text:SysCtl_setLowSpeedClock)
                  0000a316    0000000c     oledDriver.obj (.text:OLED_SetDispOffset)
                  0000a322    0000000c     board.obj (.text:R_ENC1_XINT_init)
                  0000a32e    0000000c     board.obj (.text:R_ENC2_XINT_init)
                  0000a33a    0000000c     rts2800_fpu32_eabi.lib : args_main.c.obj (.text)
                  0000a346    0000000c     tasks.obj (.text:vTaskInternalSetTimeOutState)
                  0000a352    0000000b     device.obj (.text:SysCtl_disableWatchdog)
                  0000a35d    0000000b     driverlib.lib : sysctl.obj (.text:SysCtl_isMCDClockFailureDetected)
                  0000a368    0000000a                   : interrupt.obj (.text:Interrupt_illegalOperationHandler)
                  0000a372    0000000a                   : interrupt.obj (.text:Interrupt_nmiHandler)
                  0000a37c    0000000a     oledDriver.obj (.text:OLED_SetContrastValue)
                  0000a386    0000000a     oledDriver.obj (.text:OLED_SetPosition)
                  0000a390    0000000a     port.obj (.text:vPortExitCritical)
                  0000a39a    00000009     board.obj (.text:GPIO_enableInterrupt)
                  0000a3a3    00000009     board.obj (.text:GPIO_init)
                  0000a3ac    00000009     oledDriver.obj (.text:OLED_SetDispStartLine)
                  0000a3b5    00000009     rts2800_fpu32_eabi.lib : _lock.c.obj (.text)
                  0000a3be    00000009     list.obj (.text:vListInitialiseItem)
                  0000a3c7    00000008     rts2800_fpu32_eabi.lib : copy_decompress_none.c.obj (.text:decompress:none)
                  0000a3cf    00000008     f28003x_codestartbranch.obj (.text)
                  0000a3d7    00000008     port.obj (.text:vPortEnterCritical)
                  0000a3df    00000007     device.obj (.text:ASysCtl_lockVREG)
                  0000a3e6    00000007     driverlib.lib : sysctl.obj (.text:SysCtl_resetMCD)
                  0000a3ed    00000007     device.obj (.text:__error__)
                  0000a3f4    00000007     board.obj (.text:myINPUTXBARINPUT0_init)
                  0000a3fb    00000007     board.obj (.text:myINPUTXBARINPUT1_init)
                  0000a402    00000007     rts2800_fpu32_eabi.lib : memset.c.obj (.text)
                  0000a409    00000006     encoder_Elon.obj (.text:Interrupt_clearACKGroup)
                  0000a40f    00000006     rts2800_fpu32_eabi.lib : copy_zero_init.c.obj (.text:decompress:ZI)
                  0000a415    00000005     board.obj (.text:INPUTXBAR_init)
                  0000a41a    00000005     board.obj (.text:XINT_init)
                  0000a41f    00000005     OLED_SPI.obj (.text:vApplicationStackOverflowHook)
                  0000a424    00000005     tasks.obj (.text:vTaskMissedYield)
                  0000a429    00000004     device.obj (.text:SysCtl_deviceCal)
                  0000a42d    00000004     encoder_Elon.obj (.text:getQueueRENC2)
                  0000a431    00000004     encoder_Elon.obj (.text:getQueueRENC)
                  0000a435    00000004     tasks.obj (.text:uxTaskGetNumberOfTasks)
                  0000a439    00000004     tasks.obj (.text:vTaskSuspendAll)
                  0000a43d    00000002     rts2800_fpu32_eabi.lib : pre_init.c.obj (.text)
                  0000a43f    00000002     OLED_SPI.obj (.text:vApplicationMallocFailedHook)
                  0000a441    00000001     c2000ware_libraries.obj (.text:C2000Ware_libraries_init)
                  0000a442    00000001     board.obj (.text:CPUTIMER_init)
                  0000a443    00000001     rts2800_fpu32_eabi.lib : startup.c.obj (.text)

.freertosHeap 
*          0    0000c000    00000800     UNINITIALIZED
                  0000c000    00000800     c2000_freertos.obj (.freertosHeap)

MODULE SUMMARY

       Module                        code   ro data   rw data
       ------                        ----   -------   -------
    .\
       tasks.obj                     2156   26        233    
       queue.obj                     881    0         0      
       port.obj                      425    72        4      
       heap_4.obj                    309    0         14     
       portasm.obj                   131    0         0      
       list.obj                      123    0         0      
       OLED_SPI.obj                  31     0         0      
    +--+-----------------------------+------+---------+---------+
       Total:                        4056   98        251    
                                                             
    .\RotaryEncoder\
       encoder_Elon.obj              328    68        82     
    +--+-----------------------------+------+---------+---------+
       Total:                        328    68        82     
                                                             
    .\device\
       device.obj                    370    89        0      
       f28003x_codestartbranch.obj   10     0         0      
    +--+-----------------------------+------+---------+---------+
       Total:                        380    89        0      
                                                             
    .\oled\
       ascii_font.obj                0      2048      0      
       oledDriver.obj                593    87        1      
    +--+-----------------------------+------+---------+---------+
       Total:                        593    2135      1      
                                                             
    .\syscfg\
       c2000_freertos.obj            16     0         2360   
       board.obj                     646    203       0      
       c2000ware_libraries.obj       1      0         0      
    +--+-----------------------------+------+---------+---------+
       Total:                        663    203       2360   
                                                             
    .\user\
       queuetest.obj                 284    40        12     
    +--+-----------------------------+------+---------+---------+
       Total:                        284    40        12     
                                                             
    C:/ti/c2000/C2000Ware_5_05_00_00/driverlib/f28003x/driverlib/ccs/Debug/driverlib.lib
       sysctl.obj                    1352   154       0      
       gpio.obj                      546    152       0      
       interrupt.obj                 419    81        0      
       spi.obj                       201    151       0      
       cputimer.obj                  42     80        0      
    +--+-----------------------------+------+---------+---------+
       Total:                        2560   618       0      
                                                             
    C:\ti\ccs1281\ccs\tools\compiler\ti-cgt-c2000_22.6.1.LTS\lib\rts2800_fpu32_eabi.lib
       fs_div28.asm.obj              136    0         0      
       copy_decompress_lzss.c.obj    48     0         0      
       exit.c.obj                    41     0         6      
       autoinit.c.obj                43     0         0      
       l_div28.asm.obj               42     0         0      
       memcpy.c.obj                  29     0         0      
       boot28.asm.obj                23     0         0      
       memcmp.c.obj                  19     0         0      
       _lock.c.obj                   9      0         4      
       args_main.c.obj               12     0         0      
       copy_decompress_none.c.obj    8      0         0      
       memset.c.obj                  7      0         0      
       copy_zero_init.c.obj          6      0         0      
       pre_init.c.obj                2      0         0      
       startup.c.obj                 1      0         0      
    +--+-----------------------------+------+---------+---------+
       Total:                        426    0         10     
                                                             
       Heap:                         0      0         256    
       Stack:                        0      0         512    
       Linker Generated:             0      52        0      
    +--+-----------------------------+------+---------+---------+
       Grand Total:                  9290   3303      3484   


LINKER GENERATED COPY TABLES

__TI_cinit_table @ 00000150 records: 4, size/record: 4, table size: 16
	.data: load addr=0000012c, load size=00000012 bytes, run addr=0000aa76, run size=0000003a bytes, compression=lzss
	.bss: load addr=00000144, load size=00000004 bytes, run addr=0000a800, run size=00000176 bytes, compression=zero_init
	.freertosHeap: load addr=00000148, load size=00000004 bytes, run addr=0000c000, run size=00000800 bytes, compression=zero_init
	.freertosStaticStack: load addr=0000014c, load size=00000004 bytes, run addr=00000002, run size=00000100 bytes, compression=zero_init


LINKER GENERATED HANDLER TABLE

__TI_handler_table @ 0000013e records: 3, size/record: 2, table size: 6
	index: 0, handler: __TI_zero_init
	index: 1, handler: __TI_decompress_lzss
	index: 2, handler: __TI_decompress_none


GLOBAL DATA SYMBOLS: SORTED BY DATA PAGE

address     data page           name
--------    ----------------    ----
00000002       0 (00000000)     idleTaskStack

00000400      10 (00000400)     __stack

0000a8c4     2a3 (0000a8c0)     roataryEncoder1

0000a900     2a4 (0000a900)     idleTaskTCBBuffer

0000a976     2a5 (0000a940)     _sys_memory

0000aa88     2aa (0000aa80)     pxCurrentTCB
0000aa90     2aa (0000aa80)     currentEncoder
0000aa92     2aa (0000aa80)     roataryEncoderHandler
0000aaa0     2aa (0000aa80)     __TI_enable_exit_profile_output
0000aaa2     2aa (0000aa80)     __TI_cleanup_ptr
0000aaa4     2aa (0000aa80)     __TI_dtors_ptr
0000aaa6     2aa (0000aa80)     bYield
0000aaa7     2aa (0000aa80)     bPreemptive
0000aaa8     2aa (0000aa80)     ulCriticalNesting
0000aaaa     2aa (0000aa80)     _lock
0000aaac     2aa (0000aa80)     _unlock

0000b000     2c0 (0000b000)     ascii_font

0000c000     300 (0000c000)     ucHeap


GLOBAL SYMBOLS: SORTED ALPHABETICALLY BY Name 

page  address   name                             
----  -------   ----                             
0     0000a1de  Board_init                       
0     00009a7b  C$$EXIT                          
0     0000a441  C2000Ware_libraries_init         
0     0000a442  CPUTIMER_init                    
0     0000a15b  CPUTimer_setEmulationMode        
0     00009e02  DC_control_init                  
0     000085bf  Device_enableAllPeripherals      
0     00009490  Device_init                      
0     0000a244  Device_initGPIO                  
0     0000a3a3  GPIO_init                        
0     00008e16  GPIO_setAnalogMode               
0     000095c1  GPIO_setControllerCore           
0     00009800  GPIO_setDirectionMode            
0     000095f8  GPIO_setInterruptPin             
0     000091cf  GPIO_setPadConfig                
0     0000962f  GPIO_setPinConfig                
0     00009666  GPIO_setQualificationMode        
0     0000a415  INPUTXBAR_init                   
0     000097db  INTERRUPT_init                   
0     0000892a  INT_R_ENC1_XINT_ISR              
0     00009fac  Interrupt_defaultHandler         
0     00009362  Interrupt_disable                
0     0000969d  Interrupt_enable                 
0     0000a368  Interrupt_illegalOperationHandler
0     0000954a  Interrupt_initModule             
0     00009cd2  Interrupt_initVectorTable        
0     0000a372  Interrupt_nmiHandler             
0     00009bf5  OLED_Clear                       
0     00009921  OLED_Init                        
0     00008da4  OLED_PrintSignedVal              
0     00009c58  OLED_PrintString                 
0     000098f2  OLED_PutChar                     
0     0000a386  OLED_SetPosition                 
0     0000994f  OLED_init                        
0     00009221  PinMux_init                      
0     0000a322  R_ENC1_XINT_init                 
0     0000a133  R_ENC1_init                      
0     0000a32e  R_ENC2_XINT_init                 
0     0000a147  R_ENC2_init                      
0     00009e34  Reset_control_init               
0     00008ffd  SPI_init                         
0     00009831  SPI_pollingNonFIFOTransaction    
0     000090be  SPI_setConfig                    
0     00000128  SysCtl_delay                     
0     00008f52  SysCtl_getClock                  
0     00009de8  SysCtl_getLowSpeedClock          
0     00008224  SysCtl_isPLLValid                
0     000093fe  SysCtl_selectOscSource           
0     00008fb7  SysCtl_selectXTAL                
0     00009b41  SysCtl_selectXTALSingleEnded     
0     00008000  SysCtl_setClock                  
0     0000a41a  XINT_init                        
0     00000150  __TI_CINIT_Base                  
0     00000160  __TI_CINIT_Limit                 
0     00000160  __TI_CINIT_Warm                  
0     0000013e  __TI_Handler_Table_Base          
0     00000144  __TI_Handler_Table_Limit         
0     00000600  __TI_STACK_END                   
abs   00000200  __TI_STACK_SIZE                  
abs   00000100  __TI_SYSMEM_SIZE                 
0     000099a8  __TI_auto_init_nobinit_nopinit   
0     0000aaa2  __TI_cleanup_ptr                 
0     00009862  __TI_decompress_lzss             
0     0000a3c7  __TI_decompress_none             
0     0000aaa4  __TI_dtors_ptr                   
0     0000aaa0  __TI_enable_exit_profile_output  
abs   ffffffff  __TI_pprof_out_hndl              
abs   ffffffff  __TI_prof_data_size              
abs   ffffffff  __TI_prof_data_start             
0     0000a40f  __TI_zero_init                   
0     000089b5  __c28xabi_divf                   
0     00009a27  __c28xabi_divl                   
0     00009a44  __c28xabi_divul                  
0     00009a36  __c28xabi_modl                   
0     00009a4b  __c28xabi_modul                  
n/a   UNDEFED   __c_args__                       
0     0000a3ed  __error__                        
0     00000400  __stack                          
0     0000a33a  _args_main                       
0     00009f7f  _c_int00                         
0     0000aaaa  _lock                            
0     0000a3bd  _nop                             
0     0000a3b9  _register_lock                   
0     0000a3b5  _register_unlock                 
0     0000a976  _sys_memory                      
0     0000a443  _system_post_cinit               
0     0000a43d  _system_pre_init                 
0     0000aaac  _unlock                          
0     00009a7b  abort                            
0     0000b000  ascii_font                       
0     0000aaa7  bPreemptive                      
0     0000aaa6  bYield                           
0     00000000  code_start                       
0     0000aa90  currentEncoder                   
0     00009313  encoder_Init                     
0     00009a7d  exit                             
0     0000a431  getQueueRENC                     
0     0000a42d  getQueueRENC2                    
0     00008a3d  getSTF                           
0     00000002  idleTaskStack                    
0     0000a900  idleTaskTCBBuffer                
0     00009e7e  main                             
0     0000a1a7  memcmp                           
0     00009d2b  memcpy                           
0     0000a402  memset                           
0     0000a3f4  myINPUTXBARINPUT0_init           
0     0000a3fb  myINPUTXBARINPUT1_init           
0     00008a41  portRESTORE_FIRST_CONTEXT        
0     00008a4c  portTICK_ISR                     
0     00008897  pvPortMalloc                     
0     0000aa88  pxCurrentTCB                     
0     0000868d  pxPortInitialiseStack            
0     0000a8c4  roataryEncoder1                  
0     0000aa92  roataryEncoderHandler            
0     0000950c  rotaryTest                       
0     00009aa4  setEncoder                       
0     0000c000  ucHeap                           
0     0000aaa8  ulCriticalNesting                
0     00008e80  ulTaskGenericNotifyTake          
0     00009b1b  uxListRemove                     
0     0000a435  uxTaskGetNumberOfTasks           
0     0000a07e  uxTaskGetStackHighWaterMark      
0     0000a294  vApplicationGetIdleTaskMemory    
0     0000a43f  vApplicationMallocFailedHook     
0     0000a41f  vApplicationStackOverflowHook    
0     00009eae  vListInitialise                  
0     0000a3be  vListInitialiseItem              
0     00009774  vListInsert                      
0     0000a3d7  vPortEnterCritical               
0     0000a390  vPortExitCritical                
0     00009a51  vPortFree                        
0     000098c2  vPortSetupTimerInterrupt         
0     0000a346  vTaskInternalSetTimeOutState     
0     0000a424  vTaskMissedYield                 
0     0000a2a4  vTaskPlaceOnEventList            
0     00009ec6  vTaskStartScheduler              
0     0000a439  vTaskSuspendAll                  
0     00009000  vTaskSwitchContext               
0     0000a2e1  xPortStartScheduler              
0     000096d4  xQueueGenericCreate              
0     00009b66  xQueueGenericCreateStatic        
0     00008c3e  xQueueGenericReset               
0     00008741  xQueueGenericSend                
0     000093b0  xQueueGenericSendFromISR         
0     00008800  xQueueReceive                    
0     0000973f  xTaskCheckForTimeOut             
0     00009d48  xTaskCreate                      
0     00009c77  xTaskCreateStatic                
0     00008411  xTaskGenericNotify               
0     00008123  xTaskIncrementTick               
0     00008bbf  xTaskPriorityDisinherit          
0     000084ef  xTaskRemoveFromEventList         
0     00008322  xTaskResumeAll                   


GLOBAL SYMBOLS: SORTED BY Symbol Address 

page  address   name                             
----  -------   ----                             
0     00000000  code_start                       
0     00000002  idleTaskStack                    
0     00000128  SysCtl_delay                     
0     0000013e  __TI_Handler_Table_Base          
0     00000144  __TI_Handler_Table_Limit         
0     00000150  __TI_CINIT_Base                  
0     00000160  __TI_CINIT_Limit                 
0     00000160  __TI_CINIT_Warm                  
0     00000400  __stack                          
0     00000600  __TI_STACK_END                   
0     00008000  SysCtl_setClock                  
0     00008123  xTaskIncrementTick               
0     00008224  SysCtl_isPLLValid                
0     00008322  xTaskResumeAll                   
0     00008411  xTaskGenericNotify               
0     000084ef  xTaskRemoveFromEventList         
0     000085bf  Device_enableAllPeripherals      
0     0000868d  pxPortInitialiseStack            
0     00008741  xQueueGenericSend                
0     00008800  xQueueReceive                    
0     00008897  pvPortMalloc                     
0     0000892a  INT_R_ENC1_XINT_ISR              
0     000089b5  __c28xabi_divf                   
0     00008a3d  getSTF                           
0     00008a41  portRESTORE_FIRST_CONTEXT        
0     00008a4c  portTICK_ISR                     
0     00008bbf  xTaskPriorityDisinherit          
0     00008c3e  xQueueGenericReset               
0     00008da4  OLED_PrintSignedVal              
0     00008e16  GPIO_setAnalogMode               
0     00008e80  ulTaskGenericNotifyTake          
0     00008f52  SysCtl_getClock                  
0     00008fb7  SysCtl_selectXTAL                
0     00008ffd  SPI_init                         
0     00009000  vTaskSwitchContext               
0     000090be  SPI_setConfig                    
0     000091cf  GPIO_setPadConfig                
0     00009221  PinMux_init                      
0     00009313  encoder_Init                     
0     00009362  Interrupt_disable                
0     000093b0  xQueueGenericSendFromISR         
0     000093fe  SysCtl_selectOscSource           
0     00009490  Device_init                      
0     0000950c  rotaryTest                       
0     0000954a  Interrupt_initModule             
0     000095c1  GPIO_setControllerCore           
0     000095f8  GPIO_setInterruptPin             
0     0000962f  GPIO_setPinConfig                
0     00009666  GPIO_setQualificationMode        
0     0000969d  Interrupt_enable                 
0     000096d4  xQueueGenericCreate              
0     0000973f  xTaskCheckForTimeOut             
0     00009774  vListInsert                      
0     000097db  INTERRUPT_init                   
0     00009800  GPIO_setDirectionMode            
0     00009831  SPI_pollingNonFIFOTransaction    
0     00009862  __TI_decompress_lzss             
0     000098c2  vPortSetupTimerInterrupt         
0     000098f2  OLED_PutChar                     
0     00009921  OLED_Init                        
0     0000994f  OLED_init                        
0     000099a8  __TI_auto_init_nobinit_nopinit   
0     00009a27  __c28xabi_divl                   
0     00009a36  __c28xabi_modl                   
0     00009a44  __c28xabi_divul                  
0     00009a4b  __c28xabi_modul                  
0     00009a51  vPortFree                        
0     00009a7b  C$$EXIT                          
0     00009a7b  abort                            
0     00009a7d  exit                             
0     00009aa4  setEncoder                       
0     00009b1b  uxListRemove                     
0     00009b41  SysCtl_selectXTALSingleEnded     
0     00009b66  xQueueGenericCreateStatic        
0     00009bf5  OLED_Clear                       
0     00009c58  OLED_PrintString                 
0     00009c77  xTaskCreateStatic                
0     00009cd2  Interrupt_initVectorTable        
0     00009d2b  memcpy                           
0     00009d48  xTaskCreate                      
0     00009de8  SysCtl_getLowSpeedClock          
0     00009e02  DC_control_init                  
0     00009e34  Reset_control_init               
0     00009e7e  main                             
0     00009eae  vListInitialise                  
0     00009ec6  vTaskStartScheduler              
0     00009f7f  _c_int00                         
0     00009fac  Interrupt_defaultHandler         
0     0000a07e  uxTaskGetStackHighWaterMark      
0     0000a133  R_ENC1_init                      
0     0000a147  R_ENC2_init                      
0     0000a15b  CPUTimer_setEmulationMode        
0     0000a1a7  memcmp                           
0     0000a1de  Board_init                       
0     0000a244  Device_initGPIO                  
0     0000a294  vApplicationGetIdleTaskMemory    
0     0000a2a4  vTaskPlaceOnEventList            
0     0000a2e1  xPortStartScheduler              
0     0000a322  R_ENC1_XINT_init                 
0     0000a32e  R_ENC2_XINT_init                 
0     0000a33a  _args_main                       
0     0000a346  vTaskInternalSetTimeOutState     
0     0000a368  Interrupt_illegalOperationHandler
0     0000a372  Interrupt_nmiHandler             
0     0000a386  OLED_SetPosition                 
0     0000a390  vPortExitCritical                
0     0000a3a3  GPIO_init                        
0     0000a3b5  _register_unlock                 
0     0000a3b9  _register_lock                   
0     0000a3bd  _nop                             
0     0000a3be  vListInitialiseItem              
0     0000a3c7  __TI_decompress_none             
0     0000a3d7  vPortEnterCritical               
0     0000a3ed  __error__                        
0     0000a3f4  myINPUTXBARINPUT0_init           
0     0000a3fb  myINPUTXBARINPUT1_init           
0     0000a402  memset                           
0     0000a40f  __TI_zero_init                   
0     0000a415  INPUTXBAR_init                   
0     0000a41a  XINT_init                        
0     0000a41f  vApplicationStackOverflowHook    
0     0000a424  vTaskMissedYield                 
0     0000a42d  getQueueRENC2                    
0     0000a431  getQueueRENC                     
0     0000a435  uxTaskGetNumberOfTasks           
0     0000a439  vTaskSuspendAll                  
0     0000a43d  _system_pre_init                 
0     0000a43f  vApplicationMallocFailedHook     
0     0000a441  C2000Ware_libraries_init         
0     0000a442  CPUTIMER_init                    
0     0000a443  _system_post_cinit               
0     0000a8c4  roataryEncoder1                  
0     0000a900  idleTaskTCBBuffer                
0     0000a976  _sys_memory                      
0     0000aa88  pxCurrentTCB                     
0     0000aa90  currentEncoder                   
0     0000aa92  roataryEncoderHandler            
0     0000aaa0  __TI_enable_exit_profile_output  
0     0000aaa2  __TI_cleanup_ptr                 
0     0000aaa4  __TI_dtors_ptr                   
0     0000aaa6  bYield                           
0     0000aaa7  bPreemptive                      
0     0000aaa8  ulCriticalNesting                
0     0000aaaa  _lock                            
0     0000aaac  _unlock                          
0     0000b000  ascii_font                       
0     0000c000  ucHeap                           
abs   00000100  __TI_SYSMEM_SIZE                 
abs   00000200  __TI_STACK_SIZE                  
abs   ffffffff  __TI_pprof_out_hndl              
abs   ffffffff  __TI_prof_data_size              
abs   ffffffff  __TI_prof_data_start             
n/a   UNDEFED   __c_args__                       

[153 symbols]
